Component: ARM Compiler 5.06 update 6 (build 750) Tool: armlink [4d35ed]

==============================================================================

Section Cross References

    main.o(i.SystemClock_Config) refers to stm32f1xx_ll_utils.o(i.LL_SetSystemCoreClock) for LL_SetSystemCoreClock
    main.o(i.main) refers to main.o(i.SystemClock_Config) for SystemClock_Config
    main.o(i.main) refers to chrono.o(i.Chrono_Conf) for Chrono_Conf
    main.o(i.main) refers to chrono.o(i.Chrono_Start) for Chrono_Start
    main.o(i.main) refers to bat.o(i.BAT_init) for BAT_init
    main.o(i.main) refers to bat.o(i.BAT_level) for BAT_level
    main.o(i.main) refers to bat.o(i.BAT_verifyLevel) for BAT_verifyLevel
    main.o(i.main) refers to main.o(.data) for x
    chrono.o(i.Chrono_Conf) refers to mytimer.o(i.MyTimer_Conf) for MyTimer_Conf
    chrono.o(i.Chrono_Conf) refers to mytimer.o(i.MyTimer_IT_Conf) for MyTimer_IT_Conf
    chrono.o(i.Chrono_Conf) refers to mytimer.o(i.MyTimer_IT_Enable) for MyTimer_IT_Enable
    chrono.o(i.Chrono_Conf) refers to chrono.o(.data) for Chrono_Time
    chrono.o(i.Chrono_Conf) refers to chrono.o(i.Chrono_Task_10ms) for Chrono_Task_10ms
    chrono.o(i.Chrono_Read) refers to chrono.o(.data) for Chrono_Time
    chrono.o(i.Chrono_Reset) refers to chrono.o(.data) for Chrono_Time
    chrono.o(i.Chrono_Start) refers to mytimer.o(i.MyTimer_Start) for MyTimer_Start
    chrono.o(i.Chrono_Start) refers to chrono.o(.data) for Chrono_Timer
    chrono.o(i.Chrono_Task_10ms) refers to chrono.o(.data) for Chrono_Time
    mytimer.o(i.MyTimer_IT_Conf) refers to mytimer.o(i.__NVIC_SetPriority) for __NVIC_SetPriority
    mytimer.o(i.MyTimer_IT_Conf) refers to mytimer.o(i.__NVIC_EnableIRQ) for __NVIC_EnableIRQ
    mytimer.o(i.MyTimer_IT_Conf) refers to mytimer.o(.data) for pt1
    mytimer.o(i.TIM1_UP_IRQHandler) refers to mytimer.o(.data) for pt2
    mytimer.o(i.TIM2_IRQHandler) refers to mytimer.o(.data) for pt1
    mytimer.o(i.TIM3_IRQHandler) refers to mytimer.o(.data) for pt3
    mytimer.o(i.TIM4_IRQHandler) refers to mytimer.o(.data) for pt4
    stm32f1xx_ll_rcc.o(i.LL_RCC_DeInit) refers to stm32f1xx_ll_rcc.o(i.LL_RCC_PLL_IsReady) for LL_RCC_PLL_IsReady
    stm32f1xx_ll_rcc.o(i.LL_RCC_GetADCClockFreq) refers to stm32f1xx_ll_rcc.o(i.RCC_GetSystemClockFreq) for RCC_GetSystemClockFreq
    stm32f1xx_ll_rcc.o(i.LL_RCC_GetADCClockFreq) refers to stm32f1xx_ll_rcc.o(i.RCC_GetHCLKClockFreq) for RCC_GetHCLKClockFreq
    stm32f1xx_ll_rcc.o(i.LL_RCC_GetADCClockFreq) refers to stm32f1xx_ll_rcc.o(i.RCC_GetPCLK2ClockFreq) for RCC_GetPCLK2ClockFreq
    stm32f1xx_ll_rcc.o(i.LL_RCC_GetSystemClocksFreq) refers to stm32f1xx_ll_rcc.o(i.RCC_GetSystemClockFreq) for RCC_GetSystemClockFreq
    stm32f1xx_ll_rcc.o(i.LL_RCC_GetSystemClocksFreq) refers to stm32f1xx_ll_rcc.o(i.RCC_GetHCLKClockFreq) for RCC_GetHCLKClockFreq
    stm32f1xx_ll_rcc.o(i.LL_RCC_GetSystemClocksFreq) refers to stm32f1xx_ll_rcc.o(i.RCC_GetPCLK1ClockFreq) for RCC_GetPCLK1ClockFreq
    stm32f1xx_ll_rcc.o(i.LL_RCC_GetSystemClocksFreq) refers to stm32f1xx_ll_rcc.o(i.RCC_GetPCLK2ClockFreq) for RCC_GetPCLK2ClockFreq
    stm32f1xx_ll_rcc.o(i.LL_RCC_GetUSBClockFreq) refers to stm32f1xx_ll_rcc.o(i.LL_RCC_PLL_IsReady) for LL_RCC_PLL_IsReady
    stm32f1xx_ll_rcc.o(i.LL_RCC_GetUSBClockFreq) refers to stm32f1xx_ll_rcc.o(i.RCC_PLL_GetFreqDomain_SYS) for RCC_PLL_GetFreqDomain_SYS
    stm32f1xx_ll_rcc.o(i.RCC_GetHCLKClockFreq) refers to system_stm32f1xx.o(.constdata) for AHBPrescTable
    stm32f1xx_ll_rcc.o(i.RCC_GetPCLK1ClockFreq) refers to system_stm32f1xx.o(.constdata) for APBPrescTable
    stm32f1xx_ll_rcc.o(i.RCC_GetPCLK2ClockFreq) refers to system_stm32f1xx.o(.constdata) for APBPrescTable
    stm32f1xx_ll_rcc.o(i.RCC_GetSystemClockFreq) refers to stm32f1xx_ll_rcc.o(i.RCC_PLL_GetFreqDomain_SYS) for RCC_PLL_GetFreqDomain_SYS
    stm32f1xx_ll_utils.o(i.LL_PLL_ConfigSystemClock_HSE) refers to stm32f1xx_ll_utils.o(i.UTILS_PLL_IsBusy) for UTILS_PLL_IsBusy
    stm32f1xx_ll_utils.o(i.LL_PLL_ConfigSystemClock_HSE) refers to stm32f1xx_ll_utils.o(i.UTILS_GetPLLOutputFrequency) for UTILS_GetPLLOutputFrequency
    stm32f1xx_ll_utils.o(i.LL_PLL_ConfigSystemClock_HSE) refers to stm32f1xx_ll_utils.o(i.LL_RCC_HSE_IsReady) for LL_RCC_HSE_IsReady
    stm32f1xx_ll_utils.o(i.LL_PLL_ConfigSystemClock_HSE) refers to stm32f1xx_ll_utils.o(i.LL_RCC_PLL_ConfigDomain_SYS) for LL_RCC_PLL_ConfigDomain_SYS
    stm32f1xx_ll_utils.o(i.LL_PLL_ConfigSystemClock_HSE) refers to stm32f1xx_ll_utils.o(i.UTILS_EnablePLLAndSwitchSystem) for UTILS_EnablePLLAndSwitchSystem
    stm32f1xx_ll_utils.o(i.LL_PLL_ConfigSystemClock_HSI) refers to stm32f1xx_ll_utils.o(i.UTILS_PLL_IsBusy) for UTILS_PLL_IsBusy
    stm32f1xx_ll_utils.o(i.LL_PLL_ConfigSystemClock_HSI) refers to stm32f1xx_ll_utils.o(i.UTILS_GetPLLOutputFrequency) for UTILS_GetPLLOutputFrequency
    stm32f1xx_ll_utils.o(i.LL_PLL_ConfigSystemClock_HSI) refers to stm32f1xx_ll_utils.o(i.LL_RCC_HSI_IsReady) for LL_RCC_HSI_IsReady
    stm32f1xx_ll_utils.o(i.LL_PLL_ConfigSystemClock_HSI) refers to stm32f1xx_ll_utils.o(i.LL_RCC_PLL_ConfigDomain_SYS) for LL_RCC_PLL_ConfigDomain_SYS
    stm32f1xx_ll_utils.o(i.LL_PLL_ConfigSystemClock_HSI) refers to stm32f1xx_ll_utils.o(i.UTILS_EnablePLLAndSwitchSystem) for UTILS_EnablePLLAndSwitchSystem
    stm32f1xx_ll_utils.o(i.LL_SetSystemCoreClock) refers to system_stm32f1xx.o(.data) for SystemCoreClock
    stm32f1xx_ll_utils.o(i.UTILS_EnablePLLAndSwitchSystem) refers to stm32f1xx_ll_utils.o(i.UTILS_SetFlashLatency) for UTILS_SetFlashLatency
    stm32f1xx_ll_utils.o(i.UTILS_EnablePLLAndSwitchSystem) refers to stm32f1xx_ll_utils.o(i.LL_RCC_PLL_IsReady) for LL_RCC_PLL_IsReady
    stm32f1xx_ll_utils.o(i.UTILS_EnablePLLAndSwitchSystem) refers to stm32f1xx_ll_utils.o(i.LL_SetSystemCoreClock) for LL_SetSystemCoreClock
    stm32f1xx_ll_utils.o(i.UTILS_EnablePLLAndSwitchSystem) refers to system_stm32f1xx.o(.constdata) for AHBPrescTable
    stm32f1xx_ll_utils.o(i.UTILS_EnablePLLAndSwitchSystem) refers to system_stm32f1xx.o(.data) for SystemCoreClock
    stm32f1xx_ll_utils.o(i.UTILS_PLL_IsBusy) refers to stm32f1xx_ll_utils.o(i.LL_RCC_PLL_IsReady) for LL_RCC_PLL_IsReady
    stm32f1xx_ll_adc.o(i.LL_ADC_CommonInit) refers to stm32f1xx_ll_adc.o(i.LL_ADC_IsEnabled) for LL_ADC_IsEnabled
    stm32f1xx_ll_adc.o(i.LL_ADC_DeInit) refers to stm32f1xx_ll_adc.o(i.LL_ADC_IsEnabled) for LL_ADC_IsEnabled
    stm32f1xx_ll_adc.o(i.LL_ADC_INJ_Init) refers to stm32f1xx_ll_adc.o(i.LL_ADC_IsEnabled) for LL_ADC_IsEnabled
    stm32f1xx_ll_adc.o(i.LL_ADC_Init) refers to stm32f1xx_ll_adc.o(i.LL_ADC_IsEnabled) for LL_ADC_IsEnabled
    stm32f1xx_ll_adc.o(i.LL_ADC_REG_Init) refers to stm32f1xx_ll_adc.o(i.LL_ADC_IsEnabled) for LL_ADC_IsEnabled
    stm32f1xx_ll_gpio.o(i.LL_GPIO_DeInit) refers to stm32f1xx_ll_gpio.o(i.LL_APB2_GRP1_ForceReset) for LL_APB2_GRP1_ForceReset
    stm32f1xx_ll_gpio.o(i.LL_GPIO_DeInit) refers to stm32f1xx_ll_gpio.o(i.LL_APB2_GRP1_ReleaseReset) for LL_APB2_GRP1_ReleaseReset
    stm32f1xx_ll_usart.o(i.LL_USART_ClockInit) refers to stm32f1xx_ll_usart.o(i.LL_USART_IsEnabled) for LL_USART_IsEnabled
    stm32f1xx_ll_usart.o(i.LL_USART_DeInit) refers to stm32f1xx_ll_usart.o(i.LL_APB1_GRP1_ForceReset) for LL_APB1_GRP1_ForceReset
    stm32f1xx_ll_usart.o(i.LL_USART_DeInit) refers to stm32f1xx_ll_usart.o(i.LL_APB1_GRP1_ReleaseReset) for LL_APB1_GRP1_ReleaseReset
    stm32f1xx_ll_usart.o(i.LL_USART_Init) refers to stm32f1xx_ll_usart.o(i.LL_USART_IsEnabled) for LL_USART_IsEnabled
    stm32f1xx_ll_usart.o(i.LL_USART_Init) refers to stm32f1xx_ll_rcc.o(i.LL_RCC_GetSystemClocksFreq) for LL_RCC_GetSystemClocksFreq
    stm32f1xx_ll_usart.o(i.LL_USART_Init) refers to stm32f1xx_ll_usart.o(i.LL_USART_SetBaudRate) for LL_USART_SetBaudRate
    system_stm32f1xx.o(i.SystemCoreClockUpdate) refers to system_stm32f1xx.o(.data) for SystemCoreClock
    system_stm32f1xx.o(i.SystemCoreClockUpdate) refers to system_stm32f1xx.o(.constdata) for AHBPrescTable
    startup_stm32f103xb.o(RESET) refers to startup_stm32f103xb.o(STACK) for __initial_sp
    startup_stm32f103xb.o(RESET) refers to startup_stm32f103xb.o(.text) for Reset_Handler
    startup_stm32f103xb.o(RESET) refers to mytimer.o(i.TIM1_UP_IRQHandler) for TIM1_UP_IRQHandler
    startup_stm32f103xb.o(RESET) refers to mytimer.o(i.TIM2_IRQHandler) for TIM2_IRQHandler
    startup_stm32f103xb.o(RESET) refers to mytimer.o(i.TIM3_IRQHandler) for TIM3_IRQHandler
    startup_stm32f103xb.o(RESET) refers to mytimer.o(i.TIM4_IRQHandler) for TIM4_IRQHandler
    startup_stm32f103xb.o(.text) refers to system_stm32f1xx.o(i.SystemInit) for SystemInit
    startup_stm32f103xb.o(.text) refers to entry.o(.ARM.Collect$$$$00000000) for __main
    acc.o(i.ACC_init) refers to stm32f1xx_ll_adc.o(i.LL_ADC_StructInit) for LL_ADC_StructInit
    acc.o(i.ACC_init) refers to stm32f1xx_ll_adc.o(i.LL_ADC_Init) for LL_ADC_Init
    acc.o(i.ACC_init) refers to stm32f1xx_ll_adc.o(i.LL_ADC_REG_StructInit) for LL_ADC_REG_StructInit
    acc.o(i.ACC_init) refers to stm32f1xx_ll_adc.o(i.LL_ADC_REG_Init) for LL_ADC_REG_Init
    acc.o(i.ACC_init) refers to acc.o(i.LL_ADC_SetChannelSamplingTime) for LL_ADC_SetChannelSamplingTime
    acc.o(i.ACC_init) refers to stm32f1xx_ll_gpio.o(i.LL_GPIO_StructInit) for LL_GPIO_StructInit
    acc.o(i.ACC_init) refers to stm32f1xx_ll_gpio.o(i.LL_GPIO_Init) for LL_GPIO_Init
    acc.o(i.ACC_readX) refers to acc.o(i.LL_ADC_REG_SetSequencerRanks) for LL_ADC_REG_SetSequencerRanks
    acc.o(i.ACC_readX) refers to acc.o(i.LL_ADC_REG_StartConversionSWStart) for LL_ADC_REG_StartConversionSWStart
    acc.o(i.ACC_readY) refers to acc.o(i.LL_ADC_REG_SetSequencerRanks) for LL_ADC_REG_SetSequencerRanks
    acc.o(i.ACC_readY) refers to acc.o(i.LL_ADC_REG_StartConversionSWStart) for LL_ADC_REG_StartConversionSWStart
    acc.o(i.is_good_inclination) refers to acc.o(i.ACC_readX) for ACC_readX
    acc.o(i.is_good_inclination) refers to acc.o(i.ACC_readY) for ACC_readY
    acc.o(i.is_good_inclination) refers to dflti.o(.text) for __aeabi_i2d
    acc.o(i.is_good_inclination) refers to ddiv.o(.text) for __aeabi_ddiv
    acc.o(i.is_good_inclination) refers to cdrcmple.o(.text) for __aeabi_cdrcmple
    acc.o(i.is_good_inclination) refers to cdcmple.o(.text) for __aeabi_cdcmple
    bat.o(i.BAT_init) refers to bat.o(i.LL_APB2_GRP1_EnableClock) for LL_APB2_GRP1_EnableClock
    bat.o(i.BAT_init) refers to stm32f1xx_ll_adc.o(i.LL_ADC_StructInit) for LL_ADC_StructInit
    bat.o(i.BAT_init) refers to stm32f1xx_ll_adc.o(i.LL_ADC_Init) for LL_ADC_Init
    bat.o(i.BAT_init) refers to stm32f1xx_ll_adc.o(i.LL_ADC_REG_StructInit) for LL_ADC_REG_StructInit
    bat.o(i.BAT_init) refers to stm32f1xx_ll_adc.o(i.LL_ADC_REG_Init) for LL_ADC_REG_Init
    bat.o(i.BAT_init) refers to bat.o(i.LL_APB1_GRP1_EnableClock) for LL_APB1_GRP1_EnableClock
    bat.o(i.BAT_init) refers to stm32f1xx_ll_gpio.o(i.LL_GPIO_StructInit) for LL_GPIO_StructInit
    bat.o(i.BAT_init) refers to stm32f1xx_ll_gpio.o(i.LL_GPIO_Init) for LL_GPIO_Init
    bat.o(i.BAT_verifyLevel) refers to bat.o(i.BAT_level) for BAT_level
    bat.o(i.BAT_verifyLevel) refers to dflti.o(.text) for __aeabi_i2d
    bat.o(i.BAT_verifyLevel) refers to dmul.o(.text) for __aeabi_dmul
    bat.o(i.BAT_verifyLevel) refers to cdrcmple.o(.text) for __aeabi_cdrcmple
    bat.o(i.BAT_verifyLevel) refers to bat.o(i.BAT_send) for BAT_send
    bat.o(i.BAT_verifyLevel) refers to bat.o(i.Usart_Conf) for Usart_Conf
    bat.o(i.BAT_verifyLevel) refers to bat.o(i.send_ALERT) for send_ALERT
    bat.o(i.BAT_verifyLevel) refers to bat.o(.data) for initial_level
    bat.o(i.Usart_Conf) refers to bat.o(i.LL_APB2_GRP1_EnableClock) for LL_APB2_GRP1_EnableClock
    bat.o(i.Usart_Conf) refers to stm32f1xx_ll_gpio.o(i.LL_GPIO_StructInit) for LL_GPIO_StructInit
    bat.o(i.Usart_Conf) refers to stm32f1xx_ll_gpio.o(i.LL_GPIO_Init) for LL_GPIO_Init
    bat.o(i.Usart_Conf) refers to bat.o(i.LL_APB1_GRP1_EnableClock) for LL_APB1_GRP1_EnableClock
    bat.o(i.Usart_Conf) refers to stm32f1xx_ll_usart.o(i.LL_USART_StructInit) for LL_USART_StructInit
    bat.o(i.Usart_Conf) refers to stm32f1xx_ll_usart.o(i.LL_USART_Init) for LL_USART_Init
    bat.o(i.send_ALERT) refers to chrono.o(i.Chrono_Read) for Chrono_Read
    bat.o(i.send_ALERT) refers to bat.o(i.LL_USART_TransmitData8) for LL_USART_TransmitData8
    bat.o(i.send_ALERT) refers to bat.o(i.LL_USART_IsActiveFlag_TXE) for LL_USART_IsActiveFlag_TXE
    entry.o(.ARM.Collect$$$$00000000) refers (Special) to entry10a.o(.ARM.Collect$$$$0000000D) for __rt_final_cpp
    entry.o(.ARM.Collect$$$$00000000) refers (Special) to entry11a.o(.ARM.Collect$$$$0000000F) for __rt_final_exit
    entry.o(.ARM.Collect$$$$00000000) refers (Special) to entry7b.o(.ARM.Collect$$$$00000008) for _main_clock
    entry.o(.ARM.Collect$$$$00000000) refers (Special) to entry8b.o(.ARM.Collect$$$$0000000A) for _main_cpp_init
    entry.o(.ARM.Collect$$$$00000000) refers (Special) to entry9a.o(.ARM.Collect$$$$0000000B) for _main_init
    entry.o(.ARM.Collect$$$$00000000) refers (Special) to entry5.o(.ARM.Collect$$$$00000004) for _main_scatterload
    entry.o(.ARM.Collect$$$$00000000) refers (Special) to entry2.o(.ARM.Collect$$$$00000001) for _main_stk
    dmul.o(.text) refers (Special) to iusefp.o(.text) for __I$use$fp
    dmul.o(.text) refers to depilogue.o(.text) for _double_epilogue
    ddiv.o(.text) refers (Special) to iusefp.o(.text) for __I$use$fp
    ddiv.o(.text) refers to depilogue.o(.text) for _double_round
    dflti.o(.text) refers (Special) to iusefp.o(.text) for __I$use$fp
    dflti.o(.text) refers to depilogue.o(.text) for _double_epilogue
    cdcmple.o(.text) refers (Special) to iusefp.o(.text) for __I$use$fp
    cdrcmple.o(.text) refers (Special) to iusefp.o(.text) for __I$use$fp
    entry2.o(.ARM.Collect$$$$00000001) refers to entry2.o(.ARM.Collect$$$$00002712) for __lit__00000000
    entry2.o(.ARM.Collect$$$$00002712) refers to startup_stm32f103xb.o(STACK) for __initial_sp
    entry2.o(__vectab_stack_and_reset_area) refers to startup_stm32f103xb.o(STACK) for __initial_sp
    entry2.o(__vectab_stack_and_reset_area) refers to entry.o(.ARM.Collect$$$$00000000) for __main
    entry5.o(.ARM.Collect$$$$00000004) refers to init.o(.text) for __scatterload
    entry9a.o(.ARM.Collect$$$$0000000B) refers to main.o(i.main) for main
    entry9b.o(.ARM.Collect$$$$0000000C) refers to main.o(i.main) for main
    depilogue.o(.text) refers to llshl.o(.text) for __aeabi_llsl
    depilogue.o(.text) refers to llushr.o(.text) for __aeabi_llsr
    init.o(.text) refers to entry5.o(.ARM.Collect$$$$00000004) for __main_after_scatterload


==============================================================================

Removing Unused input sections from the image.

    Removing main.o(.rev16_text), (4 bytes).
    Removing main.o(.revsh_text), (4 bytes).
    Removing main.o(.rrx_text), (6 bytes).
    Removing chrono.o(.rev16_text), (4 bytes).
    Removing chrono.o(.revsh_text), (4 bytes).
    Removing chrono.o(.rrx_text), (6 bytes).
    Removing chrono.o(i.Chrono_Reset), (16 bytes).
    Removing chrono.o(i.Chrono_Stop), (2 bytes).
    Removing mytimer.o(.rev16_text), (4 bytes).
    Removing mytimer.o(.revsh_text), (4 bytes).
    Removing mytimer.o(.rrx_text), (6 bytes).
    Removing mytimer.o(i.MyTimer_IT_Disable), (108 bytes).
    Removing mytimer.o(i.MyTimer_Stop), (92 bytes).
    Removing stm32f1xx_ll_rcc.o(.rev16_text), (4 bytes).
    Removing stm32f1xx_ll_rcc.o(.revsh_text), (4 bytes).
    Removing stm32f1xx_ll_rcc.o(.rrx_text), (6 bytes).
    Removing stm32f1xx_ll_rcc.o(i.LL_RCC_DeInit), (152 bytes).
    Removing stm32f1xx_ll_rcc.o(i.LL_RCC_GetADCClockFreq), (68 bytes).
    Removing stm32f1xx_ll_rcc.o(i.LL_RCC_GetUSBClockFreq), (68 bytes).
    Removing stm32f1xx_ll_rcc.o(i.LL_RCC_PLL_IsReady), (16 bytes).
    Removing stm32f1xx_ll_utils.o(.rev16_text), (4 bytes).
    Removing stm32f1xx_ll_utils.o(.revsh_text), (4 bytes).
    Removing stm32f1xx_ll_utils.o(.rrx_text), (6 bytes).
    Removing stm32f1xx_ll_utils.o(i.LL_Init1msTick), (28 bytes).
    Removing stm32f1xx_ll_utils.o(i.LL_PLL_ConfigSystemClock_HSE), (148 bytes).
    Removing stm32f1xx_ll_utils.o(i.LL_PLL_ConfigSystemClock_HSI), (104 bytes).
    Removing stm32f1xx_ll_utils.o(i.LL_RCC_HSE_IsReady), (16 bytes).
    Removing stm32f1xx_ll_utils.o(i.LL_RCC_HSI_IsReady), (16 bytes).
    Removing stm32f1xx_ll_utils.o(i.LL_RCC_PLL_ConfigDomain_SYS), (28 bytes).
    Removing stm32f1xx_ll_utils.o(i.LL_RCC_PLL_IsReady), (16 bytes).
    Removing stm32f1xx_ll_utils.o(i.LL_mDelay), (40 bytes).
    Removing stm32f1xx_ll_utils.o(i.UTILS_EnablePLLAndSwitchSystem), (216 bytes).
    Removing stm32f1xx_ll_utils.o(i.UTILS_GetPLLOutputFrequency), (32 bytes).
    Removing stm32f1xx_ll_utils.o(i.UTILS_PLL_IsBusy), (16 bytes).
    Removing stm32f1xx_ll_utils.o(i.UTILS_SetFlashLatency), (80 bytes).
    Removing stm32f1xx_ll_adc.o(.rev16_text), (4 bytes).
    Removing stm32f1xx_ll_adc.o(.revsh_text), (4 bytes).
    Removing stm32f1xx_ll_adc.o(.rrx_text), (6 bytes).
    Removing stm32f1xx_ll_adc.o(i.LL_ADC_CommonDeInit), (40 bytes).
    Removing stm32f1xx_ll_adc.o(i.LL_ADC_CommonInit), (72 bytes).
    Removing stm32f1xx_ll_adc.o(i.LL_ADC_CommonStructInit), (6 bytes).
    Removing stm32f1xx_ll_adc.o(i.LL_ADC_DeInit), (204 bytes).
    Removing stm32f1xx_ll_adc.o(i.LL_ADC_INJ_Init), (90 bytes).
    Removing stm32f1xx_ll_adc.o(i.LL_ADC_INJ_StructInit), (16 bytes).
    Removing stm32f1xx_ll_gpio.o(.rev16_text), (4 bytes).
    Removing stm32f1xx_ll_gpio.o(.revsh_text), (4 bytes).
    Removing stm32f1xx_ll_gpio.o(.rrx_text), (6 bytes).
    Removing stm32f1xx_ll_gpio.o(i.LL_APB2_GRP1_ForceReset), (16 bytes).
    Removing stm32f1xx_ll_gpio.o(i.LL_APB2_GRP1_ReleaseReset), (16 bytes).
    Removing stm32f1xx_ll_gpio.o(i.LL_GPIO_DeInit), (132 bytes).
    Removing stm32f1xx_ll_usart.o(.rev16_text), (4 bytes).
    Removing stm32f1xx_ll_usart.o(.revsh_text), (4 bytes).
    Removing stm32f1xx_ll_usart.o(.rrx_text), (6 bytes).
    Removing stm32f1xx_ll_usart.o(i.LL_APB1_GRP1_ForceReset), (16 bytes).
    Removing stm32f1xx_ll_usart.o(i.LL_APB1_GRP1_ReleaseReset), (16 bytes).
    Removing stm32f1xx_ll_usart.o(i.LL_USART_ClockInit), (66 bytes).
    Removing stm32f1xx_ll_usart.o(i.LL_USART_ClockStructInit), (12 bytes).
    Removing stm32f1xx_ll_usart.o(i.LL_USART_DeInit), (112 bytes).
    Removing system_stm32f1xx.o(.rev16_text), (4 bytes).
    Removing system_stm32f1xx.o(.revsh_text), (4 bytes).
    Removing system_stm32f1xx.o(.rrx_text), (6 bytes).
    Removing system_stm32f1xx.o(i.SystemCoreClockUpdate), (164 bytes).
    Removing startup_stm32f103xb.o(HEAP), (512 bytes).
    Removing acc.o(.rev16_text), (4 bytes).
    Removing acc.o(.revsh_text), (4 bytes).
    Removing acc.o(.rrx_text), (6 bytes).
    Removing acc.o(i.ACC_init), (204 bytes).
    Removing acc.o(i.ACC_readX), (40 bytes).
    Removing acc.o(i.ACC_readY), (44 bytes).
    Removing acc.o(i.LL_ADC_REG_SetSequencerRanks), (56 bytes).
    Removing acc.o(i.LL_ADC_REG_StartConversionSWStart), (10 bytes).
    Removing acc.o(i.LL_ADC_SetChannelSamplingTime), (82 bytes).
    Removing acc.o(i.is_good_inclination), (100 bytes).
    Removing bat.o(.rev16_text), (4 bytes).
    Removing bat.o(.revsh_text), (4 bytes).
    Removing bat.o(.rrx_text), (6 bytes).
    Removing ddiv.o(.text), (222 bytes).
    Removing cdcmple.o(.text), (48 bytes).

78 unused section(s) (total 3712 bytes) removed from the image.

==============================================================================

Image Symbol Table

    Local Symbols

    Symbol Name                              Value     Ov Type        Size  Object(Section)

    ../Src/main.c                            0x00000000   Number         0  main.o ABSOLUTE
    ../Src/system_stm32f1xx.c                0x00000000   Number         0  system_stm32f1xx.o ABSOLUTE
    ../clib/microlib/init/entry.s            0x00000000   Number         0  entry7a.o ABSOLUTE
    ../clib/microlib/init/entry.s            0x00000000   Number         0  entry8b.o ABSOLUTE
    ../clib/microlib/init/entry.s            0x00000000   Number         0  entry8a.o ABSOLUTE
    ../clib/microlib/init/entry.s            0x00000000   Number         0  entry10a.o ABSOLUTE
    ../clib/microlib/init/entry.s            0x00000000   Number         0  entry9b.o ABSOLUTE
    ../clib/microlib/init/entry.s            0x00000000   Number         0  entry9a.o ABSOLUTE
    ../clib/microlib/init/entry.s            0x00000000   Number         0  entry7b.o ABSOLUTE
    ../clib/microlib/init/entry.s            0x00000000   Number         0  entry.o ABSOLUTE
    ../clib/microlib/init/entry.s            0x00000000   Number         0  entry5.o ABSOLUTE
    ../clib/microlib/init/entry.s            0x00000000   Number         0  entry11a.o ABSOLUTE
    ../clib/microlib/init/entry.s            0x00000000   Number         0  entry2.o ABSOLUTE
    ../clib/microlib/init/entry.s            0x00000000   Number         0  entry10b.o ABSOLUTE
    ../clib/microlib/init/entry.s            0x00000000   Number         0  entry11b.o ABSOLUTE
    ../clib/microlib/longlong.c              0x00000000   Number         0  llushr.o ABSOLUTE
    ../clib/microlib/longlong.c              0x00000000   Number         0  llshl.o ABSOLUTE
    ../clib/microlib/stubs.s                 0x00000000   Number         0  iusefp.o ABSOLUTE
    ../fplib/microlib/fpdiv.c                0x00000000   Number         0  ddiv.o ABSOLUTE
    ../fplib/microlib/fpepilogue.c           0x00000000   Number         0  depilogue.o ABSOLUTE
    ../fplib/microlib/fpflt.c                0x00000000   Number         0  dflti.o ABSOLUTE
    ../fplib/microlib/fpmul.c                0x00000000   Number         0  dmul.o ABSOLUTE
    ..\LLDrivers\src\stm32f1xx_ll_adc.c      0x00000000   Number         0  stm32f1xx_ll_adc.o ABSOLUTE
    ..\LLDrivers\src\stm32f1xx_ll_gpio.c     0x00000000   Number         0  stm32f1xx_ll_gpio.o ABSOLUTE
    ..\LLDrivers\src\stm32f1xx_ll_rcc.c      0x00000000   Number         0  stm32f1xx_ll_rcc.o ABSOLUTE
    ..\LLDrivers\src\stm32f1xx_ll_usart.c    0x00000000   Number         0  stm32f1xx_ll_usart.o ABSOLUTE
    ..\LLDrivers\src\stm32f1xx_ll_utils.c    0x00000000   Number         0  stm32f1xx_ll_utils.o ABSOLUTE
    ..\MyDrivers\MyTimer.c                   0x00000000   Number         0  mytimer.o ABSOLUTE
    ..\Services\Chrono.c                     0x00000000   Number         0  chrono.o ABSOLUTE
    ..\Services\accelerometre\acc.c          0x00000000   Number         0  acc.o ABSOLUTE
    ..\Services\batterie\bat.c               0x00000000   Number         0  bat.o ABSOLUTE
    ..\Src\main.c                            0x00000000   Number         0  main.o ABSOLUTE
    ..\Src\system_stm32f1xx.c                0x00000000   Number         0  system_stm32f1xx.o ABSOLUTE
    ..\\LLDrivers\\src\\stm32f1xx_ll_adc.c   0x00000000   Number         0  stm32f1xx_ll_adc.o ABSOLUTE
    ..\\LLDrivers\\src\\stm32f1xx_ll_gpio.c  0x00000000   Number         0  stm32f1xx_ll_gpio.o ABSOLUTE
    ..\\LLDrivers\\src\\stm32f1xx_ll_rcc.c   0x00000000   Number         0  stm32f1xx_ll_rcc.o ABSOLUTE
    ..\\LLDrivers\\src\\stm32f1xx_ll_usart.c 0x00000000   Number         0  stm32f1xx_ll_usart.o ABSOLUTE
    ..\\LLDrivers\\src\\stm32f1xx_ll_utils.c 0x00000000   Number         0  stm32f1xx_ll_utils.o ABSOLUTE
    ..\\MyDrivers\\MyTimer.c                 0x00000000   Number         0  mytimer.o ABSOLUTE
    ..\\Services\\Chrono.c                   0x00000000   Number         0  chrono.o ABSOLUTE
    ..\\Services\\accelerometre\\acc.c       0x00000000   Number         0  acc.o ABSOLUTE
    ..\\Services\\batterie\\bat.c            0x00000000   Number         0  bat.o ABSOLUTE
    cdcmple.s                                0x00000000   Number         0  cdcmple.o ABSOLUTE
    cdrcmple.s                               0x00000000   Number         0  cdrcmple.o ABSOLUTE
    dc.s                                     0x00000000   Number         0  dc.o ABSOLUTE
    handlers.s                               0x00000000   Number         0  handlers.o ABSOLUTE
    init.s                                   0x00000000   Number         0  init.o ABSOLUTE
    startup_stm32f103xb.s                    0x00000000   Number         0  startup_stm32f103xb.o ABSOLUTE
    RESET                                    0x08000000   Section      236  startup_stm32f103xb.o(RESET)
    .ARM.Collect$$$$00000000                 0x080000ec   Section        0  entry.o(.ARM.Collect$$$$00000000)
    .ARM.Collect$$$$00000001                 0x080000ec   Section        4  entry2.o(.ARM.Collect$$$$00000001)
    .ARM.Collect$$$$00000004                 0x080000f0   Section        4  entry5.o(.ARM.Collect$$$$00000004)
    .ARM.Collect$$$$00000008                 0x080000f4   Section        0  entry7b.o(.ARM.Collect$$$$00000008)
    .ARM.Collect$$$$0000000A                 0x080000f4   Section        0  entry8b.o(.ARM.Collect$$$$0000000A)
    .ARM.Collect$$$$0000000B                 0x080000f4   Section        8  entry9a.o(.ARM.Collect$$$$0000000B)
    .ARM.Collect$$$$0000000D                 0x080000fc   Section        0  entry10a.o(.ARM.Collect$$$$0000000D)
    .ARM.Collect$$$$0000000F                 0x080000fc   Section        0  entry11a.o(.ARM.Collect$$$$0000000F)
    .ARM.Collect$$$$00002712                 0x080000fc   Section        4  entry2.o(.ARM.Collect$$$$00002712)
    __lit__00000000                          0x080000fc   Data           4  entry2.o(.ARM.Collect$$$$00002712)
    .text                                    0x08000100   Section       36  startup_stm32f103xb.o(.text)
    .text                                    0x08000124   Section        0  dmul.o(.text)
    .text                                    0x08000208   Section        0  dflti.o(.text)
    .text                                    0x0800022c   Section       48  cdrcmple.o(.text)
    .text                                    0x0800025c   Section        0  iusefp.o(.text)
    .text                                    0x0800025c   Section        0  depilogue.o(.text)
    .text                                    0x08000318   Section       36  init.o(.text)
    .text                                    0x0800033c   Section        0  llshl.o(.text)
    .text                                    0x0800035a   Section        0  llushr.o(.text)
    i.BAT_init                               0x0800037c   Section        0  bat.o(i.BAT_init)
    i.BAT_level                              0x0800044c   Section        0  bat.o(i.BAT_level)
    i.BAT_send                               0x080004ac   Section        0  bat.o(i.BAT_send)
    i.BAT_verifyLevel                        0x080004b0   Section        0  bat.o(i.BAT_verifyLevel)
    i.Chrono_Conf                            0x08000538   Section        0  chrono.o(i.Chrono_Conf)
    i.Chrono_Read                            0x08000578   Section        0  chrono.o(i.Chrono_Read)
    i.Chrono_Start                           0x08000580   Section        0  chrono.o(i.Chrono_Start)
    i.Chrono_Task_10ms                       0x08000590   Section        0  chrono.o(i.Chrono_Task_10ms)
    i.LL_ADC_Init                            0x080005d8   Section        0  stm32f1xx_ll_adc.o(i.LL_ADC_Init)
    i.LL_ADC_IsEnabled                       0x08000608   Section        0  stm32f1xx_ll_adc.o(i.LL_ADC_IsEnabled)
    LL_ADC_IsEnabled                         0x08000609   Thumb Code    10  stm32f1xx_ll_adc.o(i.LL_ADC_IsEnabled)
    i.LL_ADC_REG_Init                        0x08000614   Section        0  stm32f1xx_ll_adc.o(i.LL_ADC_REG_Init)
    i.LL_ADC_REG_StructInit                  0x0800067c   Section        0  stm32f1xx_ll_adc.o(i.LL_ADC_REG_StructInit)
    i.LL_ADC_StructInit                      0x0800068e   Section        0  stm32f1xx_ll_adc.o(i.LL_ADC_StructInit)
    i.LL_APB1_GRP1_EnableClock               0x0800069c   Section        0  bat.o(i.LL_APB1_GRP1_EnableClock)
    LL_APB1_GRP1_EnableClock                 0x0800069d   Thumb Code    24  bat.o(i.LL_APB1_GRP1_EnableClock)
    i.LL_APB2_GRP1_EnableClock               0x080006b8   Section        0  bat.o(i.LL_APB2_GRP1_EnableClock)
    LL_APB2_GRP1_EnableClock                 0x080006b9   Thumb Code    24  bat.o(i.LL_APB2_GRP1_EnableClock)
    i.LL_GPIO_Init                           0x080006d4   Section        0  stm32f1xx_ll_gpio.o(i.LL_GPIO_Init)
    i.LL_GPIO_StructInit                     0x080007f4   Section        0  stm32f1xx_ll_gpio.o(i.LL_GPIO_StructInit)
    i.LL_RCC_GetSystemClocksFreq             0x0800080c   Section        0  stm32f1xx_ll_rcc.o(i.LL_RCC_GetSystemClocksFreq)
    i.LL_SetSystemCoreClock                  0x08000830   Section        0  stm32f1xx_ll_utils.o(i.LL_SetSystemCoreClock)
    i.LL_USART_Init                          0x0800083c   Section        0  stm32f1xx_ll_usart.o(i.LL_USART_Init)
    i.LL_USART_IsActiveFlag_TXE              0x080008d0   Section        0  bat.o(i.LL_USART_IsActiveFlag_TXE)
    LL_USART_IsActiveFlag_TXE                0x080008d1   Thumb Code    10  bat.o(i.LL_USART_IsActiveFlag_TXE)
    i.LL_USART_IsEnabled                     0x080008da   Section        0  stm32f1xx_ll_usart.o(i.LL_USART_IsEnabled)
    LL_USART_IsEnabled                       0x080008db   Thumb Code    10  stm32f1xx_ll_usart.o(i.LL_USART_IsEnabled)
    i.LL_USART_SetBaudRate                   0x080008e4   Section        0  stm32f1xx_ll_usart.o(i.LL_USART_SetBaudRate)
    LL_USART_SetBaudRate                     0x080008e5   Thumb Code   158  stm32f1xx_ll_usart.o(i.LL_USART_SetBaudRate)
    i.LL_USART_StructInit                    0x08000982   Section        0  stm32f1xx_ll_usart.o(i.LL_USART_StructInit)
    i.LL_USART_TransmitData8                 0x0800099a   Section        0  bat.o(i.LL_USART_TransmitData8)
    LL_USART_TransmitData8                   0x0800099b   Thumb Code     4  bat.o(i.LL_USART_TransmitData8)
    i.MyTimer_Conf                           0x080009a0   Section        0  mytimer.o(i.MyTimer_Conf)
    i.MyTimer_IT_Conf                        0x08000a08   Section        0  mytimer.o(i.MyTimer_IT_Conf)
    i.MyTimer_IT_Enable                      0x08000a94   Section        0  mytimer.o(i.MyTimer_IT_Enable)
    i.MyTimer_Start                          0x08000b00   Section        0  mytimer.o(i.MyTimer_Start)
    i.RCC_GetHCLKClockFreq                   0x08000b5c   Section        0  stm32f1xx_ll_rcc.o(i.RCC_GetHCLKClockFreq)
    i.RCC_GetPCLK1ClockFreq                  0x08000b7c   Section        0  stm32f1xx_ll_rcc.o(i.RCC_GetPCLK1ClockFreq)
    i.RCC_GetPCLK2ClockFreq                  0x08000ba0   Section        0  stm32f1xx_ll_rcc.o(i.RCC_GetPCLK2ClockFreq)
    i.RCC_GetSystemClockFreq                 0x08000bc4   Section        0  stm32f1xx_ll_rcc.o(i.RCC_GetSystemClockFreq)
    i.RCC_PLL_GetFreqDomain_SYS              0x08000c00   Section        0  stm32f1xx_ll_rcc.o(i.RCC_PLL_GetFreqDomain_SYS)
    i.SystemClock_Config                     0x08000c58   Section        0  main.o(i.SystemClock_Config)
    i.SystemInit                             0x08000d40   Section        0  system_stm32f1xx.o(i.SystemInit)
    i.TIM1_UP_IRQHandler                     0x08000d98   Section        0  mytimer.o(i.TIM1_UP_IRQHandler)
    i.TIM2_IRQHandler                        0x08000db8   Section        0  mytimer.o(i.TIM2_IRQHandler)
    i.TIM3_IRQHandler                        0x08000dd8   Section        0  mytimer.o(i.TIM3_IRQHandler)
    i.TIM4_IRQHandler                        0x08000df8   Section        0  mytimer.o(i.TIM4_IRQHandler)
    i.Usart_Conf                             0x08000e18   Section        0  bat.o(i.Usart_Conf)
    i.__NVIC_EnableIRQ                       0x08000e78   Section        0  mytimer.o(i.__NVIC_EnableIRQ)
    __NVIC_EnableIRQ                         0x08000e79   Thumb Code    26  mytimer.o(i.__NVIC_EnableIRQ)
    i.__NVIC_SetPriority                     0x08000e94   Section        0  mytimer.o(i.__NVIC_SetPriority)
    __NVIC_SetPriority                       0x08000e95   Thumb Code    32  mytimer.o(i.__NVIC_SetPriority)
    i.__scatterload_copy                     0x08000ebc   Section       14  handlers.o(i.__scatterload_copy)
    i.__scatterload_null                     0x08000eca   Section        2  handlers.o(i.__scatterload_null)
    i.__scatterload_zeroinit                 0x08000ecc   Section       14  handlers.o(i.__scatterload_zeroinit)
    i.main                                   0x08000edc   Section        0  main.o(i.main)
    i.send_ALERT                             0x08000f20   Section        0  bat.o(i.send_ALERT)
    .constdata                               0x080011a4   Section       24  system_stm32f1xx.o(.constdata)
    .data                                    0x20000000   Section       12  main.o(.data)
    .data                                    0x2000000c   Section        8  chrono.o(.data)
    Chrono_Time                              0x2000000c   Data           3  chrono.o(.data)
    Chrono_Timer                             0x20000010   Data           4  chrono.o(.data)
    .data                                    0x20000014   Section       16  mytimer.o(.data)
    .data                                    0x20000024   Section        4  system_stm32f1xx.o(.data)
    .data                                    0x20000028   Section        4  bat.o(.data)
    STACK                                    0x20000030   Section     1024  startup_stm32f103xb.o(STACK)

    Global Symbols

    Symbol Name                              Value     Ov Type        Size  Object(Section)

    BuildAttributes$$THM_ISAv4$P$D$K$B$S$PE$A:L22UL41UL21$X:L11$S22US41US21$IEEE1$IW$USESV6$~STKCKD$USESV7$~SHL$OSPACE$ROPI$EBA8$MICROLIB$REQ8$PRES8$EABIv2 0x00000000   Number         0  anon$$obj.o ABSOLUTE
    __ARM_use_no_argv                        0x00000000   Number         0  main.o ABSOLUTE
    __cpp_initialize__aeabi_                  - Undefined Weak Reference
    __cxa_finalize                            - Undefined Weak Reference
    __decompress                              - Undefined Weak Reference
    _clock_init                               - Undefined Weak Reference
    _microlib_exit                            - Undefined Weak Reference
    __Vectors_Size                           0x000000ec   Number         0  startup_stm32f103xb.o ABSOLUTE
    __Vectors                                0x08000000   Data           4  startup_stm32f103xb.o(RESET)
    __Vectors_End                            0x080000ec   Data           0  startup_stm32f103xb.o(RESET)
    __main                                   0x080000ed   Thumb Code     0  entry.o(.ARM.Collect$$$$00000000)
    _main_stk                                0x080000ed   Thumb Code     0  entry2.o(.ARM.Collect$$$$00000001)
    _main_scatterload                        0x080000f1   Thumb Code     0  entry5.o(.ARM.Collect$$$$00000004)
    __main_after_scatterload                 0x080000f5   Thumb Code     0  entry5.o(.ARM.Collect$$$$00000004)
    _main_clock                              0x080000f5   Thumb Code     0  entry7b.o(.ARM.Collect$$$$00000008)
    _main_cpp_init                           0x080000f5   Thumb Code     0  entry8b.o(.ARM.Collect$$$$0000000A)
    _main_init                               0x080000f5   Thumb Code     0  entry9a.o(.ARM.Collect$$$$0000000B)
    __rt_final_cpp                           0x080000fd   Thumb Code     0  entry10a.o(.ARM.Collect$$$$0000000D)
    __rt_final_exit                          0x080000fd   Thumb Code     0  entry11a.o(.ARM.Collect$$$$0000000F)
    Reset_Handler                            0x08000101   Thumb Code     8  startup_stm32f103xb.o(.text)
    NMI_Handler                              0x08000109   Thumb Code     2  startup_stm32f103xb.o(.text)
    HardFault_Handler                        0x0800010b   Thumb Code     2  startup_stm32f103xb.o(.text)
    MemManage_Handler                        0x0800010d   Thumb Code     2  startup_stm32f103xb.o(.text)
    BusFault_Handler                         0x0800010f   Thumb Code     2  startup_stm32f103xb.o(.text)
    UsageFault_Handler                       0x08000111   Thumb Code     2  startup_stm32f103xb.o(.text)
    SVC_Handler                              0x08000113   Thumb Code     2  startup_stm32f103xb.o(.text)
    DebugMon_Handler                         0x08000115   Thumb Code     2  startup_stm32f103xb.o(.text)
    PendSV_Handler                           0x08000117   Thumb Code     2  startup_stm32f103xb.o(.text)
    SysTick_Handler                          0x08000119   Thumb Code     2  startup_stm32f103xb.o(.text)
    ADC1_2_IRQHandler                        0x0800011b   Thumb Code     0  startup_stm32f103xb.o(.text)
    CAN1_RX1_IRQHandler                      0x0800011b   Thumb Code     0  startup_stm32f103xb.o(.text)
    CAN1_SCE_IRQHandler                      0x0800011b   Thumb Code     0  startup_stm32f103xb.o(.text)
    DMA1_Channel1_IRQHandler                 0x0800011b   Thumb Code     0  startup_stm32f103xb.o(.text)
    DMA1_Channel2_IRQHandler                 0x0800011b   Thumb Code     0  startup_stm32f103xb.o(.text)
    DMA1_Channel3_IRQHandler                 0x0800011b   Thumb Code     0  startup_stm32f103xb.o(.text)
    DMA1_Channel4_IRQHandler                 0x0800011b   Thumb Code     0  startup_stm32f103xb.o(.text)
    DMA1_Channel5_IRQHandler                 0x0800011b   Thumb Code     0  startup_stm32f103xb.o(.text)
    DMA1_Channel6_IRQHandler                 0x0800011b   Thumb Code     0  startup_stm32f103xb.o(.text)
    DMA1_Channel7_IRQHandler                 0x0800011b   Thumb Code     0  startup_stm32f103xb.o(.text)
    EXTI0_IRQHandler                         0x0800011b   Thumb Code     0  startup_stm32f103xb.o(.text)
    EXTI15_10_IRQHandler                     0x0800011b   Thumb Code     0  startup_stm32f103xb.o(.text)
    EXTI1_IRQHandler                         0x0800011b   Thumb Code     0  startup_stm32f103xb.o(.text)
    EXTI2_IRQHandler                         0x0800011b   Thumb Code     0  startup_stm32f103xb.o(.text)
    EXTI3_IRQHandler                         0x0800011b   Thumb Code     0  startup_stm32f103xb.o(.text)
    EXTI4_IRQHandler                         0x0800011b   Thumb Code     0  startup_stm32f103xb.o(.text)
    EXTI9_5_IRQHandler                       0x0800011b   Thumb Code     0  startup_stm32f103xb.o(.text)
    FLASH_IRQHandler                         0x0800011b   Thumb Code     0  startup_stm32f103xb.o(.text)
    I2C1_ER_IRQHandler                       0x0800011b   Thumb Code     0  startup_stm32f103xb.o(.text)
    I2C1_EV_IRQHandler                       0x0800011b   Thumb Code     0  startup_stm32f103xb.o(.text)
    I2C2_ER_IRQHandler                       0x0800011b   Thumb Code     0  startup_stm32f103xb.o(.text)
    I2C2_EV_IRQHandler                       0x0800011b   Thumb Code     0  startup_stm32f103xb.o(.text)
    PVD_IRQHandler                           0x0800011b   Thumb Code     0  startup_stm32f103xb.o(.text)
    RCC_IRQHandler                           0x0800011b   Thumb Code     0  startup_stm32f103xb.o(.text)
    RTC_Alarm_IRQHandler                     0x0800011b   Thumb Code     0  startup_stm32f103xb.o(.text)
    RTC_IRQHandler                           0x0800011b   Thumb Code     0  startup_stm32f103xb.o(.text)
    SPI1_IRQHandler                          0x0800011b   Thumb Code     0  startup_stm32f103xb.o(.text)
    SPI2_IRQHandler                          0x0800011b   Thumb Code     0  startup_stm32f103xb.o(.text)
    TAMPER_IRQHandler                        0x0800011b   Thumb Code     0  startup_stm32f103xb.o(.text)
    TIM1_BRK_IRQHandler                      0x0800011b   Thumb Code     0  startup_stm32f103xb.o(.text)
    TIM1_CC_IRQHandler                       0x0800011b   Thumb Code     0  startup_stm32f103xb.o(.text)
    TIM1_TRG_COM_IRQHandler                  0x0800011b   Thumb Code     0  startup_stm32f103xb.o(.text)
    USART1_IRQHandler                        0x0800011b   Thumb Code     0  startup_stm32f103xb.o(.text)
    USART2_IRQHandler                        0x0800011b   Thumb Code     0  startup_stm32f103xb.o(.text)
    USART3_IRQHandler                        0x0800011b   Thumb Code     0  startup_stm32f103xb.o(.text)
    USBWakeUp_IRQHandler                     0x0800011b   Thumb Code     0  startup_stm32f103xb.o(.text)
    USB_HP_CAN1_TX_IRQHandler                0x0800011b   Thumb Code     0  startup_stm32f103xb.o(.text)
    USB_LP_CAN1_RX0_IRQHandler               0x0800011b   Thumb Code     0  startup_stm32f103xb.o(.text)
    WWDG_IRQHandler                          0x0800011b   Thumb Code     0  startup_stm32f103xb.o(.text)
    __aeabi_dmul                             0x08000125   Thumb Code   228  dmul.o(.text)
    __aeabi_i2d                              0x08000209   Thumb Code    34  dflti.o(.text)
    __aeabi_cdrcmple                         0x0800022d   Thumb Code    48  cdrcmple.o(.text)
    __I$use$fp                               0x0800025d   Thumb Code     0  iusefp.o(.text)
    _double_round                            0x0800025d   Thumb Code    30  depilogue.o(.text)
    _double_epilogue                         0x0800027b   Thumb Code   156  depilogue.o(.text)
    __scatterload                            0x08000319   Thumb Code    28  init.o(.text)
    __scatterload_rt2                        0x08000319   Thumb Code     0  init.o(.text)
    __aeabi_llsl                             0x0800033d   Thumb Code    30  llshl.o(.text)
    _ll_shift_l                              0x0800033d   Thumb Code     0  llshl.o(.text)
    __aeabi_llsr                             0x0800035b   Thumb Code    32  llushr.o(.text)
    _ll_ushift_r                             0x0800035b   Thumb Code     0  llushr.o(.text)
    BAT_init                                 0x0800037d   Thumb Code   196  bat.o(i.BAT_init)
    BAT_level                                0x0800044d   Thumb Code    88  bat.o(i.BAT_level)
    BAT_send                                 0x080004ad   Thumb Code     2  bat.o(i.BAT_send)
    BAT_verifyLevel                          0x080004b1   Thumb Code   122  bat.o(i.BAT_verifyLevel)
    Chrono_Conf                              0x08000539   Thumb Code    52  chrono.o(i.Chrono_Conf)
    Chrono_Read                              0x08000579   Thumb Code     4  chrono.o(i.Chrono_Read)
    Chrono_Start                             0x08000581   Thumb Code    12  chrono.o(i.Chrono_Start)
    Chrono_Task_10ms                         0x08000591   Thumb Code    68  chrono.o(i.Chrono_Task_10ms)
    LL_ADC_Init                              0x080005d9   Thumb Code    48  stm32f1xx_ll_adc.o(i.LL_ADC_Init)
    LL_ADC_REG_Init                          0x08000615   Thumb Code    98  stm32f1xx_ll_adc.o(i.LL_ADC_REG_Init)
    LL_ADC_REG_StructInit                    0x0800067d   Thumb Code    18  stm32f1xx_ll_adc.o(i.LL_ADC_REG_StructInit)
    LL_ADC_StructInit                        0x0800068f   Thumb Code    12  stm32f1xx_ll_adc.o(i.LL_ADC_StructInit)
    LL_GPIO_Init                             0x080006d5   Thumb Code   288  stm32f1xx_ll_gpio.o(i.LL_GPIO_Init)
    LL_GPIO_StructInit                       0x080007f5   Thumb Code    24  stm32f1xx_ll_gpio.o(i.LL_GPIO_StructInit)
    LL_RCC_GetSystemClocksFreq               0x0800080d   Thumb Code    36  stm32f1xx_ll_rcc.o(i.LL_RCC_GetSystemClocksFreq)
    LL_SetSystemCoreClock                    0x08000831   Thumb Code     6  stm32f1xx_ll_utils.o(i.LL_SetSystemCoreClock)
    LL_USART_Init                            0x0800083d   Thumb Code   134  stm32f1xx_ll_usart.o(i.LL_USART_Init)
    LL_USART_StructInit                      0x08000983   Thumb Code    24  stm32f1xx_ll_usart.o(i.LL_USART_StructInit)
    MyTimer_Conf                             0x080009a1   Thumb Code    86  mytimer.o(i.MyTimer_Conf)
    MyTimer_IT_Conf                          0x08000a09   Thumb Code   112  mytimer.o(i.MyTimer_IT_Conf)
    MyTimer_IT_Enable                        0x08000a95   Thumb Code    96  mytimer.o(i.MyTimer_IT_Enable)
    MyTimer_Start                            0x08000b01   Thumb Code    78  mytimer.o(i.MyTimer_Start)
    RCC_GetHCLKClockFreq                     0x08000b5d   Thumb Code    24  stm32f1xx_ll_rcc.o(i.RCC_GetHCLKClockFreq)
    RCC_GetPCLK1ClockFreq                    0x08000b7d   Thumb Code    26  stm32f1xx_ll_rcc.o(i.RCC_GetPCLK1ClockFreq)
    RCC_GetPCLK2ClockFreq                    0x08000ba1   Thumb Code    26  stm32f1xx_ll_rcc.o(i.RCC_GetPCLK2ClockFreq)
    RCC_GetSystemClockFreq                   0x08000bc5   Thumb Code    52  stm32f1xx_ll_rcc.o(i.RCC_GetSystemClockFreq)
    RCC_PLL_GetFreqDomain_SYS                0x08000c01   Thumb Code    76  stm32f1xx_ll_rcc.o(i.RCC_PLL_GetFreqDomain_SYS)
    SystemClock_Config                       0x08000c59   Thumb Code   220  main.o(i.SystemClock_Config)
    SystemInit                               0x08000d41   Thumb Code    70  system_stm32f1xx.o(i.SystemInit)
    TIM1_UP_IRQHandler                       0x08000d99   Thumb Code    22  mytimer.o(i.TIM1_UP_IRQHandler)
    TIM2_IRQHandler                          0x08000db9   Thumb Code    26  mytimer.o(i.TIM2_IRQHandler)
    TIM3_IRQHandler                          0x08000dd9   Thumb Code    22  mytimer.o(i.TIM3_IRQHandler)
    TIM4_IRQHandler                          0x08000df9   Thumb Code    22  mytimer.o(i.TIM4_IRQHandler)
    Usart_Conf                               0x08000e19   Thumb Code    88  bat.o(i.Usart_Conf)
    __scatterload_copy                       0x08000ebd   Thumb Code    14  handlers.o(i.__scatterload_copy)
    __scatterload_null                       0x08000ecb   Thumb Code     2  handlers.o(i.__scatterload_null)
    __scatterload_zeroinit                   0x08000ecd   Thumb Code    14  handlers.o(i.__scatterload_zeroinit)
    main                                     0x08000edd   Thumb Code    52  main.o(i.main)
    send_ALERT                               0x08000f21   Thumb Code   640  bat.o(i.send_ALERT)
    AHBPrescTable                            0x080011a4   Data          16  system_stm32f1xx.o(.constdata)
    APBPrescTable                            0x080011b4   Data           8  system_stm32f1xx.o(.constdata)
    Region$$Table$$Base                      0x080011bc   Number         0  anon$$obj.o(Region$$Table)
    Region$$Table$$Limit                     0x080011dc   Number         0  anon$$obj.o(Region$$Table)
    x                                        0x20000000   Data           4  main.o(.data)
    y                                        0x20000004   Data           4  main.o(.data)
    z                                        0x20000008   Data           4  main.o(.data)
    pt1                                      0x20000014   Data           4  mytimer.o(.data)
    pt2                                      0x20000018   Data           4  mytimer.o(.data)
    pt3                                      0x2000001c   Data           4  mytimer.o(.data)
    pt4                                      0x20000020   Data           4  mytimer.o(.data)
    SystemCoreClock                          0x20000024   Data           4  system_stm32f1xx.o(.data)
    initial_level                            0x20000028   Data           4  bat.o(.data)
    __initial_sp                             0x20000430   Data           0  startup_stm32f103xb.o(STACK)



==============================================================================

Memory Map of the image

  Image Entry point : 0x080000ed

  Load Region LR_IROM1 (Base: 0x08000000, Size: 0x00001208, Max: 0x00020000, ABSOLUTE)

    Execution Region ER_IROM1 (Exec base: 0x08000000, Load base: 0x08000000, Size: 0x000011dc, Max: 0x00020000, ABSOLUTE)

    Exec Addr    Load Addr    Size         Type   Attr      Idx    E Section Name        Object

    0x08000000   0x08000000   0x000000ec   Data   RO          660    RESET               startup_stm32f103xb.o
    0x080000ec   0x080000ec   0x00000000   Code   RO          814  * .ARM.Collect$$$$00000000  mc_w.l(entry.o)
    0x080000ec   0x080000ec   0x00000004   Code   RO          827    .ARM.Collect$$$$00000001  mc_w.l(entry2.o)
    0x080000f0   0x080000f0   0x00000004   Code   RO          830    .ARM.Collect$$$$00000004  mc_w.l(entry5.o)
    0x080000f4   0x080000f4   0x00000000   Code   RO          832    .ARM.Collect$$$$00000008  mc_w.l(entry7b.o)
    0x080000f4   0x080000f4   0x00000000   Code   RO          834    .ARM.Collect$$$$0000000A  mc_w.l(entry8b.o)
    0x080000f4   0x080000f4   0x00000008   Code   RO          835    .ARM.Collect$$$$0000000B  mc_w.l(entry9a.o)
    0x080000fc   0x080000fc   0x00000000   Code   RO          837    .ARM.Collect$$$$0000000D  mc_w.l(entry10a.o)
    0x080000fc   0x080000fc   0x00000000   Code   RO          839    .ARM.Collect$$$$0000000F  mc_w.l(entry11a.o)
    0x080000fc   0x080000fc   0x00000004   Code   RO          828    .ARM.Collect$$$$00002712  mc_w.l(entry2.o)
    0x08000100   0x08000100   0x00000024   Code   RO          661    .text               startup_stm32f103xb.o
    0x08000124   0x08000124   0x000000e4   Code   RO          817    .text               mf_w.l(dmul.o)
    0x08000208   0x08000208   0x00000022   Code   RO          821    .text               mf_w.l(dflti.o)
    0x0800022a   0x0800022a   0x00000002   PAD
    0x0800022c   0x0800022c   0x00000030   Code   RO          825    .text               mf_w.l(cdrcmple.o)
    0x0800025c   0x0800025c   0x00000000   Code   RO          841    .text               mc_w.l(iusefp.o)
    0x0800025c   0x0800025c   0x000000ba   Code   RO          842    .text               mf_w.l(depilogue.o)
    0x08000316   0x08000316   0x00000002   PAD
    0x08000318   0x08000318   0x00000024   Code   RO          844    .text               mc_w.l(init.o)
    0x0800033c   0x0800033c   0x0000001e   Code   RO          846    .text               mc_w.l(llshl.o)
    0x0800035a   0x0800035a   0x00000020   Code   RO          848    .text               mc_w.l(llushr.o)
    0x0800037a   0x0800037a   0x00000002   PAD
    0x0800037c   0x0800037c   0x000000d0   Code   RO          734    i.BAT_init          bat.o
    0x0800044c   0x0800044c   0x00000060   Code   RO          735    i.BAT_level         bat.o
    0x080004ac   0x080004ac   0x00000002   Code   RO          736    i.BAT_send          bat.o
    0x080004ae   0x080004ae   0x00000002   PAD
    0x080004b0   0x080004b0   0x00000088   Code   RO          737    i.BAT_verifyLevel   bat.o
    0x08000538   0x08000538   0x00000040   Code   RO           78    i.Chrono_Conf       chrono.o
    0x08000578   0x08000578   0x00000008   Code   RO           79    i.Chrono_Read       chrono.o
    0x08000580   0x08000580   0x00000010   Code   RO           81    i.Chrono_Start      chrono.o
    0x08000590   0x08000590   0x00000048   Code   RO           83    i.Chrono_Task_10ms  chrono.o
    0x080005d8   0x080005d8   0x00000030   Code   RO          415    i.LL_ADC_Init       stm32f1xx_ll_adc.o
    0x08000608   0x08000608   0x0000000a   Code   RO          416    i.LL_ADC_IsEnabled  stm32f1xx_ll_adc.o
    0x08000612   0x08000612   0x00000002   PAD
    0x08000614   0x08000614   0x00000068   Code   RO          417    i.LL_ADC_REG_Init   stm32f1xx_ll_adc.o
    0x0800067c   0x0800067c   0x00000012   Code   RO          418    i.LL_ADC_REG_StructInit  stm32f1xx_ll_adc.o
    0x0800068e   0x0800068e   0x0000000c   Code   RO          419    i.LL_ADC_StructInit  stm32f1xx_ll_adc.o
    0x0800069a   0x0800069a   0x00000002   PAD
    0x0800069c   0x0800069c   0x0000001c   Code   RO          738    i.LL_APB1_GRP1_EnableClock  bat.o
    0x080006b8   0x080006b8   0x0000001c   Code   RO          739    i.LL_APB2_GRP1_EnableClock  bat.o
    0x080006d4   0x080006d4   0x00000120   Code   RO          501    i.LL_GPIO_Init      stm32f1xx_ll_gpio.o
    0x080007f4   0x080007f4   0x00000018   Code   RO          502    i.LL_GPIO_StructInit  stm32f1xx_ll_gpio.o
    0x0800080c   0x0800080c   0x00000024   Code   RO          234    i.LL_RCC_GetSystemClocksFreq  stm32f1xx_ll_rcc.o
    0x08000830   0x08000830   0x0000000c   Code   RO          319    i.LL_SetSystemCoreClock  stm32f1xx_ll_utils.o
    0x0800083c   0x0800083c   0x00000094   Code   RO          552    i.LL_USART_Init     stm32f1xx_ll_usart.o
    0x080008d0   0x080008d0   0x0000000a   Code   RO          740    i.LL_USART_IsActiveFlag_TXE  bat.o
    0x080008da   0x080008da   0x0000000a   Code   RO          553    i.LL_USART_IsEnabled  stm32f1xx_ll_usart.o
    0x080008e4   0x080008e4   0x0000009e   Code   RO          554    i.LL_USART_SetBaudRate  stm32f1xx_ll_usart.o
    0x08000982   0x08000982   0x00000018   Code   RO          555    i.LL_USART_StructInit  stm32f1xx_ll_usart.o
    0x0800099a   0x0800099a   0x00000004   Code   RO          741    i.LL_USART_TransmitData8  bat.o
    0x0800099e   0x0800099e   0x00000002   PAD
    0x080009a0   0x080009a0   0x00000068   Code   RO          137    i.MyTimer_Conf      mytimer.o
    0x08000a08   0x08000a08   0x0000008c   Code   RO          138    i.MyTimer_IT_Conf   mytimer.o
    0x08000a94   0x08000a94   0x0000006c   Code   RO          140    i.MyTimer_IT_Enable  mytimer.o
    0x08000b00   0x08000b00   0x0000005c   Code   RO          141    i.MyTimer_Start     mytimer.o
    0x08000b5c   0x08000b5c   0x00000020   Code   RO          237    i.RCC_GetHCLKClockFreq  stm32f1xx_ll_rcc.o
    0x08000b7c   0x08000b7c   0x00000024   Code   RO          238    i.RCC_GetPCLK1ClockFreq  stm32f1xx_ll_rcc.o
    0x08000ba0   0x08000ba0   0x00000024   Code   RO          239    i.RCC_GetPCLK2ClockFreq  stm32f1xx_ll_rcc.o
    0x08000bc4   0x08000bc4   0x0000003c   Code   RO          240    i.RCC_GetSystemClockFreq  stm32f1xx_ll_rcc.o
    0x08000c00   0x08000c00   0x00000058   Code   RO          241    i.RCC_PLL_GetFreqDomain_SYS  stm32f1xx_ll_rcc.o
    0x08000c58   0x08000c58   0x000000e8   Code   RO            4    i.SystemClock_Config  main.o
    0x08000d40   0x08000d40   0x00000058   Code   RO          625    i.SystemInit        system_stm32f1xx.o
    0x08000d98   0x08000d98   0x00000020   Code   RO          143    i.TIM1_UP_IRQHandler  mytimer.o
    0x08000db8   0x08000db8   0x00000020   Code   RO          144    i.TIM2_IRQHandler   mytimer.o
    0x08000dd8   0x08000dd8   0x00000020   Code   RO          145    i.TIM3_IRQHandler   mytimer.o
    0x08000df8   0x08000df8   0x00000020   Code   RO          146    i.TIM4_IRQHandler   mytimer.o
    0x08000e18   0x08000e18   0x00000060   Code   RO          742    i.Usart_Conf        bat.o
    0x08000e78   0x08000e78   0x0000001a   Code   RO          147    i.__NVIC_EnableIRQ  mytimer.o
    0x08000e92   0x08000e92   0x00000002   PAD
    0x08000e94   0x08000e94   0x00000028   Code   RO          148    i.__NVIC_SetPriority  mytimer.o
    0x08000ebc   0x08000ebc   0x0000000e   Code   RO          852    i.__scatterload_copy  mc_w.l(handlers.o)
    0x08000eca   0x08000eca   0x00000002   Code   RO          853    i.__scatterload_null  mc_w.l(handlers.o)
    0x08000ecc   0x08000ecc   0x0000000e   Code   RO          854    i.__scatterload_zeroinit  mc_w.l(handlers.o)
    0x08000eda   0x08000eda   0x00000002   PAD
    0x08000edc   0x08000edc   0x00000044   Code   RO            5    i.main              main.o
    0x08000f20   0x08000f20   0x00000284   Code   RO          743    i.send_ALERT        bat.o
    0x080011a4   0x080011a4   0x00000018   Data   RO          626    .constdata          system_stm32f1xx.o
    0x080011bc   0x080011bc   0x00000020   Data   RO          850    Region$$Table       anon$$obj.o


    Execution Region RW_IRAM1 (Exec base: 0x20000000, Load base: 0x080011dc, Size: 0x00000430, Max: 0x00005000, ABSOLUTE)

    Exec Addr    Load Addr    Size         Type   Attr      Idx    E Section Name        Object

    0x20000000   0x080011dc   0x0000000c   Data   RW            6    .data               main.o
    0x2000000c   0x080011e8   0x00000008   Data   RW           84    .data               chrono.o
    0x20000014   0x080011f0   0x00000010   Data   RW          149    .data               mytimer.o
    0x20000024   0x08001200   0x00000004   Data   RW          627    .data               system_stm32f1xx.o
    0x20000028   0x08001204   0x00000004   Data   RW          744    .data               bat.o
    0x2000002c   0x08001208   0x00000004   PAD
    0x20000030        -       0x00000400   Zero   RW          658    STACK               startup_stm32f103xb.o


==============================================================================

Image component sizes


      Code (inc. data)   RO Data    RW Data    ZI Data      Debug   Object Name

         0          0          0          0          0      10396   acc.o
      1252         54          0          4          0      48474   bat.o
       160         24          0          8          0       2542   chrono.o
       300         28          0         12          0     356164   main.o
       638        116          0         16          0      31037   mytimer.o
        36          8        236          0       1024        792   startup_stm32f103xb.o
       192          6          0          0          0      38992   stm32f1xx_ll_adc.o
       312          0          0          0          0      10912   stm32f1xx_ll_gpio.o
       288         48          0          0          0      13309   stm32f1xx_ll_rcc.o
       340         14          0          0          0      25210   stm32f1xx_ll_usart.o
        12          6          0          0          0        540   stm32f1xx_ll_utils.o
        88         18         24          4          0       1219   system_stm32f1xx.o

    ----------------------------------------------------------------------
      3628        322        292         44       1028     539587   Object Totals
         0          0         32          0          0          0   (incl. Generated)
        10          0          0          0          4          0   (incl. Padding)

    ----------------------------------------------------------------------

      Code (inc. data)   RO Data    RW Data    ZI Data      Debug   Library Member Name

         0          0          0          0          0          0   entry.o
         0          0          0          0          0          0   entry10a.o
         0          0          0          0          0          0   entry11a.o
         8          4          0          0          0          0   entry2.o
         4          0          0          0          0          0   entry5.o
         0          0          0          0          0          0   entry7b.o
         0          0          0          0          0          0   entry8b.o
         8          4          0          0          0          0   entry9a.o
        30          0          0          0          0          0   handlers.o
        36          8          0          0          0         68   init.o
         0          0          0          0          0          0   iusefp.o
        30          0          0          0          0         68   llshl.o
        32          0          0          0          0         68   llushr.o
        48          0          0          0          0         68   cdrcmple.o
       186          0          0          0          0        176   depilogue.o
        34          0          0          0          0         76   dflti.o
       228          0          0          0          0         96   dmul.o

    ----------------------------------------------------------------------
       652         16          0          0          0        620   Library Totals
         8          0          0          0          0          0   (incl. Padding)

    ----------------------------------------------------------------------

      Code (inc. data)   RO Data    RW Data    ZI Data      Debug   Library Name

       148         16          0          0          0        204   mc_w.l
       496          0          0          0          0        416   mf_w.l

    ----------------------------------------------------------------------
       652         16          0          0          0        620   Library Totals

    ----------------------------------------------------------------------

==============================================================================


      Code (inc. data)   RO Data    RW Data    ZI Data      Debug   

      4280        338        292         44       1028     537967   Grand Totals
      4280        338        292         44       1028     537967   ELF Image Totals
      4280        338        292         44          0          0   ROM Totals

==============================================================================

    Total RO  Size (Code + RO Data)                 4572 (   4.46kB)
    Total RW  Size (RW Data + ZI Data)              1072 (   1.05kB)
    Total ROM Size (Code + RO Data + RW Data)       4616 (   4.51kB)

==============================================================================

